]0;~/Desktop/website1[?1034h(base) Sydneys-MacBook-Pro:website1 sydro$ ls
config.toml	index.Rmd	themes
content		public		website1.Rproj
data		static
]0;~/Desktop/website1(base) Sydneys-MacBook-Pro:website1 sydro$ cd content[K[K[K[K[K[K[Kthemes/
]0;~/Desktop/website1/themes(base) Sydneys-MacBook-Pro:themes sydro$ ls
hugo-sustain
]0;~/Desktop/website1/themes(base) Sydneys-MacBook-Pro:themes sydro$ cd hugo-sustain/
]0;~/Desktop/website1/themes/hugo-sustain(base) Sydneys-MacBook-Pro:hugo-sustain sydro$ ls
LICENSE.md	exampleSite	static
README.md	images		theme.toml
archetypes	layouts
]0;~/Desktop/website1/themes/hugo-sustain(base) Sydneys-MacBook-Pro:hugo-sustain sydro$ cd exampleSite/
]0;~/Desktop/website1/themes/hugo-sustain/exampleSite(base) Sydneys-MacBook-Pro:exampleSite sydro$ ls
config.toml	data
content		static
]0;~/Desktop/website1/themes/hugo-sustain/exampleSite(base) Sydneys-MacBook-Pro:exampleSite sydro$ cd static/
]0;~/Desktop/website1/themes/hugo-sustain/exampleSite/static(base) Sydneys-MacBook-Pro:static sydro$ ls
img
]0;~/Desktop/website1/themes/hugo-sustain/exampleSite/static(base) Sydneys-MacBook-Pro:static sydro$ cd img/
]0;~/Desktop/website1/themes/hugo-sustain/exampleSite/static/img(base) Sydneys-MacBook-Pro:img sydro$ ls
help.png
]0;~/Desktop/website1/themes/hugo-sustain/exampleSite/static/img[?1034h(base) Sydneys-MacBook-Pro:img sydro$ [K(base) Sydneys-MacBook-Pro:img sydro$ pip install pandas
Requirement already satisfied: pandas in /Users/sydro/opt/anaconda3/lib/python3.7/site-packages (0.25.1)
Requirement already satisfied: numpy>=1.13.3 in /Users/sydro/opt/anaconda3/lib/python3.7/site-packages (from pandas) (1.17.2)
Requirement already satisfied: pytz>=2017.2 in /Users/sydro/opt/anaconda3/lib/python3.7/site-packages (from pandas) (2019.3)
Requirement already satisfied: python-dateutil>=2.6.1 in /Users/sydro/opt/anaconda3/lib/python3.7/site-packages (from pandas) (2.8.0)
Requirement already satisfied: six>=1.5 in /Users/sydro/opt/anaconda3/lib/python3.7/site-packages (from python-dateutil>=2.6.1->pandas) (1.12.0)
]0;~/Desktop/website1/themes/hugo-sustain/exampleSite/static/img(base) Sydneys-MacBook-Pro:img sydro$ [K(base) Sydneys-MacBook-Pro:img sydro$ pwd
/Users/sydro/Desktop/website1/themes/hugo-sustain/exampleSite/static/img
]0;~/Desktop/website1/themes/hugo-sustain/exampleSite/static/img(base) Sydneys-MacBook-Pro:img sydro$ cd ..
]0;~/Desktop/website1/themes/hugo-sustain/exampleSite/static(base) Sydneys-MacBook-Pro:static sydro$ cd ..
]0;~/Desktop/website1/themes/hugo-sustain/exampleSite(base) Sydneys-MacBook-Pro:exampleSite sydro$ pwd
/Users/sydro/Desktop/website1/themes/hugo-sustain/exampleSite
]0;~/Desktop/website1/themes/hugo-sustain/exampleSite(base) Sydneys-MacBook-Pro:exampleSite sydro$ cd ..
]0;~/Desktop/website1/themes/hugo-sustain(base) Sydneys-MacBook-Pro:hugo-sustain sydro$ cd ..
]0;~/Desktop/website1/themes(base) Sydneys-MacBook-Pro:themes sydro$ powd
bash: powd: command not found
]0;~/Desktop/website1/themes(base) Sydneys-MacBook-Pro:themes sydro$ pwd
/Users/sydro/Desktop/website1/themes
]0;~/Desktop/website1/themes(base) Sydneys-MacBook-Pro:themes sydro$ cd ..
]0;~/Desktop/website1(base) Sydneys-MacBook-Pro:website1 sydro$ ls
config.toml	content		index.Rmd	public		static		themes		website1.Rproj
]0;~/Desktop/website1(base) Sydneys-MacBook-Pro:website1 sydro$ git init
Initialized empty Git repository in /Users/sydro/Desktop/website1/.git/
]0;~/Desktop/website1(base) Sydneys-MacBook-Pro:website1 sydro$ git add .
]0;~/Desktop/website1(base) Sydneys-MacBook-Pro:website1 sydro$ git commit -m "new website"
[master (root-commit) e06ccc8] new website
 Committer: Sydney Ortiz <sydro@Sydneys-MacBook-Pro.local>
Your name and email address were configured automatically based
on your username and hostname. Please check that they are accurate.
You can suppress this message by setting them explicitly:

    git config --global user.name "Your Name"
    git config --global user.email you@example.com

After doing this, you may fix the identity used for this commit with:

    git commit --amend --reset-author

 264 files changed, 46144 insertions(+)
 create mode 100644 .DS_Store
 create mode 100644 .Rhistory
 create mode 100644 .Rproj.user/64EB96B8/console06/1FAED5F7
 create mode 100644 .Rproj.user/64EB96B8/console06/1FAED5F7.env
 create mode 100644 .Rproj.user/64EB96B8/console06/INDEX001
 create mode 100644 .Rproj.user/64EB96B8/sources/prop/114E2A
 create mode 100644 .Rproj.user/64EB96B8/sources/prop/139ED254
 create mode 100644 .Rproj.user/64EB96B8/sources/prop/3AC6D0B4
 create mode 100644 .Rproj.user/64EB96B8/sources/prop/4090D043
 create mode 100644 .Rproj.user/64EB96B8/sources/prop/40AAD792
 create mode 100644 .Rproj.user/64EB96B8/sources/prop/46A9820B
 create mode 100644 .Rproj.user/64EB96B8/sources/prop/4E197293
 create mode 100644 .Rproj.user/64EB96B8/sources/prop/6072DEAB
 create mode 100644 .Rproj.user/64EB96B8/sources/prop/7BC0D25A
 create mode 100644 .Rproj.user/64EB96B8/sources/prop/7C065ED
 create mode 100644 .Rproj.user/64EB96B8/sources/prop/9C0130ED
 create mode 100644 .Rproj.user/64EB96B8/sources/prop/AC41FAE3
 create mode 100644 .Rproj.user/64EB96B8/sources/prop/AFB0307B
 create mode 100644 .Rproj.user/64EB96B8/sources/prop/B0D1FFE2
 create mode 100644 .Rproj.user/64EB96B8/sources/prop/C03979B6
 create mode 100644 .Rproj.user/64EB96B8/sources/prop/DAE226E9
 create mode 100644 .Rproj.user/64EB96B8/sources/prop/DFF28180
 create mode 100644 .Rproj.user/64EB96B8/sources/prop/E788CFB5
 create mode 100644 .Rproj.user/64EB96B8/sources/prop/FB320C0A
 create mode 100644 .Rproj.user/64EB96B8/sources/prop/INDEX
 create mode 100644 .Rproj.user/64EB96B8/sources/s-702139D7/1863666A
 create mode 100644 .Rproj.user/64EB96B8/sources/s-702139D7/1863666A-contents
 create mode 100644 .Rproj.user/64EB96B8/sources/s-702139D7/24F5EF48
 create mode 100644 .Rproj.user/64EB96B8/sources/s-702139D7/24F5EF48-contents
 create mode 100644 .Rproj.user/64EB96B8/sources/s-702139D7/2521424-contents
 create mode 100644 .Rproj.user/64EB96B8/sources/s-702139D7/294B7DD2-contents
 create mode 100644 .Rproj.user/64EB96B8/sources/s-702139D7/2CED6C28
 create mode 100644 .Rproj.user/64EB96B8/sources/s-702139D7/2CED6C28-contents
 create mode 100644 .Rproj.user/64EB96B8/sources/s-702139D7/32EFD32D-contents
 create mode 100644 .Rproj.user/64EB96B8/sources/s-702139D7/3EE5B318
 create mode 100644 .Rproj.user/64EB96B8/sources/s-702139D7/3EE5B318-contents
 create mode 100644 .Rproj.user/64EB96B8/sources/s-702139D7/48917F-contents
 create mode 100644 .Rproj.user/64EB96B8/sources/s-702139D7/5084D152-contents
 create mode 100644 .Rproj.user/64EB96B8/sources/s-702139D7/5448F72D
 create mode 100644 .Rproj.user/64EB96B8/sources/s-702139D7/5448F72D-contents
 create mode 100644 .Rproj.user/64EB96B8/sources/s-702139D7/58A065A4-contents
 create mode 100644 .Rproj.user/64EB96B8/sources/s-702139D7/67092D65-contents
 create mode 100644 .Rproj.user/64EB96B8/sources/s-702139D7/6DAC3059-contents
 create mode 100644 .Rproj.user/64EB96B8/sources/s-702139D7/7A7F8EA0-contents
 create mode 100644 .Rproj.user/64EB96B8/sources/s-702139D7/7C5B05D4
 create mode 100644 .Rproj.user/64EB96B8/sources/s-702139D7/7C5B05D4-contents
 create mode 100644 .Rproj.user/64EB96B8/sources/s-702139D7/97D69140-contents
 create mode 100644 .Rproj.user/64EB96B8/sources/s-702139D7/9FCDF753-contents
 create mode 100644 .Rproj.user/64EB96B8/sources/s-702139D7/A989047B-contents
 create mode 100644 .Rproj.user/64EB96B8/sources/s-702139D7/B173EC2-contents
 create mode 100644 .Rproj.user/64EB96B8/sources/s-702139D7/BA8B9084
 create mode 100644 .Rproj.user/64EB96B8/sources/s-702139D7/BA8B9084-contents
 create mode 100644 .Rproj.user/64EB96B8/sources/s-702139D7/BD7EDBF2
 create mode 100644 .Rproj.user/64EB96B8/sources/s-702139D7/BD7EDBF2-contents
 create mode 100644 .Rproj.user/64EB96B8/sources/s-702139D7/D237EEA2-contents
 create mode 100644 .Rproj.user/64EB96B8/sources/s-702139D7/DC9C1A0F
 create mode 100644 .Rproj.user/64EB96B8/sources/s-702139D7/DC9C1A0F-contents
 create mode 100644 .Rproj.user/64EB96B8/sources/s-702139D7/EF1A1F6C
 create mode 100644 .Rproj.user/64EB96B8/sources/s-702139D7/EF1A1F6C-contents
 create mode 100644 .Rproj.user/64EB96B8/sources/s-702139D7/F0CD2021-contents
 create mode 100644 .Rproj.user/64EB96B8/sources/s-702139D7/F2881DF
 create mode 100644 .Rproj.user/64EB96B8/sources/s-702139D7/F2881DF-contents
 create mode 100644 .Rproj.user/64EB96B8/sources/s-702139D7/F6699EB5-contents
 create mode 100644 .Rproj.user/64EB96B8/sources/s-702139D7/lock_file
 create mode 100644 .Rproj.user/shared/notebooks/16235BF8-2019-12-14-my-favorite-python/1/64EB96B8702139D7/chunks.json
 create mode 100644 .Rproj.user/shared/notebooks/16235BF8-2019-12-14-my-favorite-python/1/s/chunks.json
 create mode 100644 .Rproj.user/shared/notebooks/16235BF8-2019-12-14-my-favorite-python/1/s/ctae9sse2z2i6/000002.csv
 create mode 100644 .Rproj.user/shared/notebooks/8729FBD7-project2/1/64EB96B8702139D7/chunks.json
 create mode 100644 .Rproj.user/shared/notebooks/8729FBD7-project2/1/s/chunks.json
 create mode 100644 .Rproj.user/shared/notebooks/C3511D43-project2/1/64EB96B8480917B2/c5d9o8i7dliry/000004.csv
 create mode 100644 .Rproj.user/shared/notebooks/C3511D43-project2/1/64EB96B8480917B2/chunks.json
 create mode 100644 .Rproj.user/shared/notebooks/C3511D43-project2/1/64EB96B8480917B2/csetup_chunk/000002.csv
 create mode 100644 .Rproj.user/shared/notebooks/C3511D43-project2/1/s/cd2obiwi4dbip/000006.csv
 create mode 100644 .Rproj.user/shared/notebooks/C3511D43-project2/1/s/chunks.json
 create mode 100644 .Rproj.user/shared/notebooks/C3511D43-project2/1/s/csetup_chunk/000006.csv
 create mode 100644 .Rproj.user/shared/notebooks/EA2F8C17-Project1/1/64EB96B8480917B2/chunks.json
 create mode 100644 .Rproj.user/shared/notebooks/EA2F8C17-Project1/1/s/chunks.json
 create mode 100644 .Rproj.user/shared/notebooks/patch-chunk-names
 create mode 100644 .Rproj.user/shared/notebooks/paths
 create mode 100644 config.toml
 create mode 100644 content/.DS_Store
 create mode 100644 content/Project1.Rmd
 create mode 100644 content/Project1.html
 create mode 100644 content/blog/.DS_Store
 create mode 100644 content/blog/2019-12-14-my-favorite-python.Rmd
 create mode 100644 content/blog/2019-12-14-my-favorite-python.html
 create mode 100644 content/breastcancer.csv
 create mode 100644 content/project2.html
 create mode 100644 content/project2.rmd
 create mode 100644 content/projects.md
 create mode 100644 content/resume.md
 create mode 100644 content/skincancer.csv
 create mode 100644 index.Rmd
 create mode 100644 public/.DS_Store
 create mode 100644 public/404.html
 create mode 100644 public/Project1.Rmd
 create mode 100644 public/Project1_files/figure-html/PCA-1.png
 create mode 100644 public/Project1_files/figure-html/PCA-2.png
 create mode 100644 public/Project1_files/figure-html/PCA-3.png
 create mode 100644 public/Project1_files/figure-html/plot1-1.png
 create mode 100644 public/Project1_files/figure-html/plot2-1.png
 create mode 100644 public/Project1_files/figure-html/plot2-2.png
 create mode 100644 public/blog/.DS_Store
 create mode 100644 public/blog/2015-07-23-r-rmarkdown.Rmd
 create mode 100644 public/blog/2015-07-23-r-rmarkdown/index.html
 create mode 100644 public/blog/2015-07-23-r-rmarkdown_files/.DS_Store
 create mode 100644 public/blog/2015-07-23-r-rmarkdown_files/figure-html/pie-1.png
 create mode 100644 public/blog/2019-12-14-my-favorite-python.Rmd
 create mode 100644 public/blog/creating-a-new-theme/index.html
 create mode 100644 public/blog/goisforlovers/index.html
 create mode 100644 public/blog/hugoisforlovers/index.html
 create mode 100644 public/blog/index.html
 create mode 100644 public/blog/index.xml
 create mode 100644 public/blog/migrate-from-jekyll/index.html
 create mode 100644 public/blog/my-favorite-python/index.html
 create mode 100644 public/breastcancer.csv
 create mode 100644 public/categories/development/index.html
 create mode 100644 public/categories/development/index.xml
 create mode 100644 public/categories/golang/index.html
 create mode 100644 public/categories/golang/index.xml
 create mode 100644 public/categories/index.html
 create mode 100644 public/categories/index.xml
 create mode 100644 public/categories/projects/index.html
 create mode 100644 public/categories/projects/index.xml
 create mode 100644 public/categories/r/index.html
 create mode 100644 public/categories/r/index.xml
 create mode 100644 public/categories/resume/index.html
 create mode 100644 public/categories/resume/index.xml
 create mode 100644 public/css/main.css
 create mode 100644 public/img/.DS_Store
 create mode 100644 public/img/help.png
 create mode 100644 public/img/profile.png
 create mode 100644 public/index.html
 create mode 100644 public/index.xml
 create mode 100644 public/js/docs.min.js
 create mode 100644 public/js/ie10-viewport-bug-workaround.js
 create mode 100644 public/js/main.js
 create mode 100644 public/project1/index.html
 create mode 100644 public/project2.rmd
 create mode 100644 public/project2/index.html
 create mode 100644 public/project2_files/figure-html/unnamed-chunk-3-1.png
 create mode 100644 public/project2_files/figure-html/unnamed-chunk-3-2.png
 create mode 100644 public/project2_files/figure-html/unnamed-chunk-4-1.png
 create mode 100644 public/project2_files/figure-html/unnamed-chunk-4-2.png
 create mode 100644 public/project2_files/figure-html/unnamed-chunk-4-3.png
 create mode 100644 public/project2_files/figure-html/unnamed-chunk-4-4.png
 create mode 100644 public/project2_files/figure-html/unnamed-chunk-4-5.png
 create mode 100644 public/project2_files/figure-html/unnamed-chunk-6-1.png
 create mode 100644 public/project2_files/figure-html/unnamed-chunk-6-2.png
 create mode 100644 public/project2_files/figure-html/unnamed-chunk-6-3.png
 create mode 100644 public/project2_files/figure-latex/unnamed-chunk-3-1.pdf
 create mode 100644 public/project2_files/figure-latex/unnamed-chunk-3-2.pdf
 create mode 100644 public/project2_files/figure-latex/unnamed-chunk-4-1.pdf
 create mode 100644 public/project2_files/figure-latex/unnamed-chunk-4-2.pdf
 create mode 100644 public/project2_files/figure-latex/unnamed-chunk-4-3.pdf
 create mode 100644 public/project2_files/figure-latex/unnamed-chunk-4-4.pdf
 create mode 100644 public/project2_files/figure-latex/unnamed-chunk-4-5.pdf
 create mode 100644 public/project2_files/figure-latex/unnamed-chunk-6-1.pdf
 create mode 100644 public/project2_files/figure-latex/unnamed-chunk-6-2.pdf
 create mode 100644 public/project2_files/figure-latex/unnamed-chunk-6-3.pdf
 create mode 100644 public/projects-copy/index.html
 create mode 100644 public/projects/index.html
 create mode 100644 public/resume.pdf
 create mode 100644 public/resume/index.html
 create mode 100644 public/resume/index.xml
 create mode 100644 public/resume/resume/index.html
 create mode 100644 public/sitemap.xml
 create mode 100644 public/skincancer.csv
 create mode 100644 public/tags/development/index.html
 create mode 100644 public/tags/development/index.xml
 create mode 100644 public/tags/go/index.html
 create mode 100644 public/tags/go/index.xml
 create mode 100644 public/tags/golang/index.html
 create mode 100644 public/tags/golang/index.xml
 create mode 100644 public/tags/hugo/index.html
 create mode 100644 public/tags/hugo/index.xml
 create mode 100644 public/tags/index.html
 create mode 100644 public/tags/index.xml
 create mode 100644 public/tags/plot/index.html
 create mode 100644 public/tags/plot/index.xml
 create mode 100644 public/tags/presume/index.html
 create mode 100644 public/tags/presume/index.xml
 create mode 100644 public/tags/projects/index.html
 create mode 100644 public/tags/projects/index.xml
 create mode 100644 public/tags/r-markdown/index.html
 create mode 100644 public/tags/r-markdown/index.xml
 create mode 100644 public/tags/regression/index.html
 create mode 100644 public/tags/regression/index.xml
 create mode 100644 public/tags/templates/index.html
 create mode 100644 public/tags/templates/index.xml
 create mode 100644 public/tags/themes/index.html
 create mode 100644 public/tags/themes/index.xml
 create mode 100644 static/.DS_Store
 create mode 100644 static/Project1_files/figure-html/PCA-1.png
 create mode 100644 static/Project1_files/figure-html/PCA-2.png
 create mode 100644 static/Project1_files/figure-html/PCA-3.png
 create mode 100644 static/Project1_files/figure-html/plot1-1.png
 create mode 100644 static/Project1_files/figure-html/plot2-1.png
 create mode 100644 static/Project1_files/figure-html/plot2-2.png
 create mode 100644 static/blog/.DS_Store
 create mode 100644 static/blog/2015-07-23-r-rmarkdown_files/.DS_Store
 create mode 100644 static/blog/2015-07-23-r-rmarkdown_files/figure-html/pie-1.png
 create mode 100644 static/img/.DS_Store
 create mode 100644 static/img/help.png
 create mode 100644 static/img/profile.png
 create mode 100644 static/project2_files/figure-html/unnamed-chunk-3-1.png
 create mode 100644 static/project2_files/figure-html/unnamed-chunk-3-2.png
 create mode 100644 static/project2_files/figure-html/unnamed-chunk-4-1.png
 create mode 100644 static/project2_files/figure-html/unnamed-chunk-4-2.png
 create mode 100644 static/project2_files/figure-html/unnamed-chunk-4-3.png
 create mode 100644 static/project2_files/figure-html/unnamed-chunk-4-4.png
 create mode 100644 static/project2_files/figure-html/unnamed-chunk-4-5.png
 create mode 100644 static/project2_files/figure-html/unnamed-chunk-6-1.png
 create mode 100644 static/project2_files/figure-html/unnamed-chunk-6-2.png
 create mode 100644 static/project2_files/figure-html/unnamed-chunk-6-3.png
 create mode 100644 static/project2_files/figure-latex/unnamed-chunk-3-1.pdf
 create mode 100644 static/project2_files/figure-latex/unnamed-chunk-3-2.pdf
 create mode 100644 static/project2_files/figure-latex/unnamed-chunk-4-1.pdf
 create mode 100644 static/project2_files/figure-latex/unnamed-chunk-4-2.pdf
 create mode 100644 static/project2_files/figure-latex/unnamed-chunk-4-3.pdf
 create mode 100644 static/project2_files/figure-latex/unnamed-chunk-4-4.pdf
 create mode 100644 static/project2_files/figure-latex/unnamed-chunk-4-5.pdf
 create mode 100644 static/project2_files/figure-latex/unnamed-chunk-6-1.pdf
 create mode 100644 static/project2_files/figure-latex/unnamed-chunk-6-2.pdf
 create mode 100644 static/project2_files/figure-latex/unnamed-chunk-6-3.pdf
 create mode 100644 static/resume.pdf
 create mode 100644 themes/.DS_Store
 create mode 100644 themes/hugo-sustain/.DS_Store
 create mode 100644 themes/hugo-sustain/LICENSE.md
 create mode 100644 themes/hugo-sustain/README.md
 create mode 100644 themes/hugo-sustain/archetypes/default.md
 create mode 100644 themes/hugo-sustain/exampleSite/.DS_Store
 create mode 100644 themes/hugo-sustain/exampleSite/config.toml
 create mode 100644 themes/hugo-sustain/exampleSite/content/.DS_Store
 create mode 100644 themes/hugo-sustain/exampleSite/content/blog/creating-a-new-theme.md
 create mode 100644 themes/hugo-sustain/exampleSite/content/blog/goisforlovers.md
 create mode 100644 themes/hugo-sustain/exampleSite/content/blog/hugoisforlovers.md
 create mode 100644 themes/hugo-sustain/exampleSite/content/blog/migrate-from-jekyll.md
 create mode 100644 themes/hugo-sustain/exampleSite/content/projects.md
 create mode 100644 themes/hugo-sustain/exampleSite/data/projects.yml
 create mode 100644 themes/hugo-sustain/exampleSite/static/.DS_Store
 create mode 100644 themes/hugo-sustain/exampleSite/static/img/.DS_Store
 create mode 100644 themes/hugo-sustain/images/screenshot.png
 create mode 100644 themes/hugo-sustain/images/tn.png
 create mode 100644 themes/hugo-sustain/layouts/.DS_Store
 create mode 100644 themes/hugo-sustain/layouts/404.html
 create mode 100644 themes/hugo-sustain/layouts/_default/.DS_Store
 create mode 100644 themes/hugo-sustain/layouts/_default/list.html
 create mode 100644 themes/hugo-sustain/layouts/_default/projects.html
 create mode 100644 themes/hugo-sustain/layouts/_default/resume.html
 create mode 100644 themes/hugo-sustain/layouts/_default/single.html
 create mode 100644 themes/hugo-sustain/layouts/index.html
 create mode 100644 themes/hugo-sustain/layouts/partials/disqus.html
 create mode 100644 themes/hugo-sustain/layouts/partials/footer.html
 create mode 100644 themes/hugo-sustain/layouts/partials/head.html
 create mode 100644 themes/hugo-sustain/layouts/partials/header.html
 create mode 100644 themes/hugo-sustain/layouts/partials/js.html
 create mode 100644 themes/hugo-sustain/layouts/partials/social.html
 create mode 100644 themes/hugo-sustain/static/css/main.css
 create mode 100644 themes/hugo-sustain/static/js/docs.min.js
 create mode 100644 themes/hugo-sustain/static/js/ie10-viewport-bug-workaround.js
 create mode 100644 themes/hugo-sustain/static/js/main.js
 create mode 100644 themes/hugo-sustain/theme.toml
 create mode 100644 website1.Rproj
]0;~/Desktop/website1(base) Sydneys-MacBook-Pro:website1 sydro$ git push origin master
fatal: 'origin' does not appear to be a git repository
fatal: Could not read from remote repository.

Please make sure you have the correct access rights
and the repository exists.
]0;~/Desktop/website1(base) Sydneys-MacBook-Pro:website1 sydro$ git config --global user.username sro523
]0;~/Desktop/website1(base) Sydneys-MacBook-Pro:website1 sydro$ git remote add origin https://github.com/YourGithubUsername/website.git[C1.git[C[C[C[C
]0;~/Desktop/website1(base) Sydneys-MacBook-Pro:website1 sydro$ git remote add origin https://github.com/YourGithubUsername/website1.git[C[C[C[C[C[C[C[C[C[C[C[C[C[C[C[C[C[C[C[C[C[C[C[C[C[C[C[C[C[C[C[C[C[C[C[C[C[C[C[C[C[C[C[C[C[C[C[32Pconfig --global user.username sro523[18Ppush origin mastercommit -m "new website"[5Ppush origin master
remote: Repository not found.
fatal: repository 'https://github.com/YourGithubUsername/website1.git/' not found
]0;~/Desktop/website1(base) Sydneys-MacBook-Pro:website1 sydro$ git push origin masterremote add origin https://github.com/YourGithubUsername/website1.git[1P1.gite1.git[C[1P.git[C[1Pebsite.gitWebsite.git
fatal: remote origin already exists.
]0;~/Desktop/website1(base) Sydneys-MacBook-Pro:website1 sydro$ git remote add origin https://github.com/YourGithubUsername/Website.git[C[C[C[C[C[C[C[C[C[C[C[C[C[C[C[C[C[C[C[C[C[C[C[C[C[C[C[C[C[C[C[C[C[C[C[C[C[C[C[C[C[C[C[C[C[C[Cpush origin master[K
remote: Repository not found.
fatal: repository 'https://github.com/YourGithubUsername/website1.git/' not found
]0;~/Desktop/website1(base) Sydneys-MacBook-Pro:website1 sydro$ git push origin master
remote: Repository not found.
fatal: repository 'https://github.com/YourGithubUsername/website1.git/' not found
]0;~/Desktop/website1(base) Sydneys-MacBook-Pro:website1 sydro$ git push origin masterremote add origin https://github.com/YourGithubUsername/Website.git[C[C[C[C[C[C[C[C[C[C[C[C[C[C[C[C[C[C[C[C[C[C[C[C[C[C[C[C[1Pe/Website.git[1Pe/Website.git[1Pe/Website.git[1Pe/Website.git[1P/Website.git[1Pe/Website.git[1Pe/Website.git[1Pe/Website.git[1Pe/Website.git[1Pe/Website.git[1Pe/Website.git[1Pe/Website.git[1Pe/Website.git[1Pe/Website.git[1Pe/Website.git[1Pe/Website.git[1Pe/Website.git[1Pe/Website.git/e/Website.git[C[1P/Website.gits/Website.gitr/Website.gito/Website.git5/Website.git2/Website.git3/Website.git[C[C[1Pebsite.gitwebsite.git[C[C[C[C[C[C1.git
fatal: remote origin already exists.
]0;~/Desktop/website1(base) Sydneys-MacBook-Pro:website1 sydro$ git init
Reinitialized existing Git repository in /Users/sydro/Desktop/website1/.git/
]0;~/Desktop/website1(base) Sydneys-MacBook-Pro:website1 sydro$ git add .
]0;~/Desktop/website1(base) Sydneys-MacBook-Pro:website1 sydro$ git commit -m "test"
[master 491faf7] test
 Committer: Sydney Ortiz <sydro@Sydneys-MacBook-Pro.local>
Your name and email address were configured automatically based
on your username and hostname. Please check that they are accurate.
You can suppress this message by setting them explicitly:

    git config --global user.name "Your Name"
    git config --global user.email you@example.com

After doing this, you may fix the identity used for this commit with:

    git commit --amend --reset-author

 1 file changed, 303 insertions(+)
]0;~/Desktop/website1(base) Sydneys-MacBook-Pro:website1 sydro$ git remote add origin https://github.com/YourGithubUsername/website.git[1P/website.git[1P/website.git[1P/website.git[1P/website.git[1P/website.git[1P/website.git[1P/website.git[1P/website.git[1P/website.git[1P/website.git[1P/website.git[1P/website.git[1P/website.git[1P/website.git[1P/website.git[1P/website.git[1P/website.git[1P/website.gits/website.gitr/website.gito/website.git5/website.git2/website.git3/website.git[C[C[C[C[C[C[C[C1.git[C[C[C[C
fatal: remote origin already exists.
]0;~/Desktop/website1(base) Sydneys-MacBook-Pro:website1 sydro$ git remote add origin https://github.com/sro523/website1.git[1@m[1@y
]0;~/Desktop/website1(base) Sydneys-MacBook-Pro:website1 sydro$ git remote add myorigin https://github.com/sro523/website1.gitgit [C[C[C[C[C[C[C[C[C[C[C[C[C[C[C[C[C[C[C[C[C[C[C[C[C[C[C[C[C[C[C[C[C[C[C[C[C[C[C[C[C[C[C[Kgit pushremote add myorigin https://github.com/sro523/website1.gitgit [6Porigin https://github.com/sro523/website1.git[C[C[C[C[C[C[C[C[C[C[C[C[C[C[C[C[C[C[C[C[C[C[C[C[C[C[C[C[C[C[C[C[C[C[C[C[C[C[C[C[C[C[C[C[C[C[Ccommit -m "test"[Kadd .[K[1Pinitadd .[1Pinitremote add origin https://github.com/sro523/website1.git[C[C[C[C[C[C[C[C[C[C[C[C[C[C[C[C[C[C[C[C[C[C[C[C[C[C[C[C[C[C[C[C[C[C[C[C[C[C[C[C[C[C[C[C[C[C[Cpush origin master[K[1@m[1@y
Counting objects: 279, done.
Delta compression using up to 4 threads.
Compressing objects:   0% (1/245)   Compressing objects:   1% (3/245)   Compressing objects:   2% (5/245)   Compressing objects:   3% (8/245)   Compressing objects:   4% (10/245)   Compressing objects:   5% (13/245)   Compressing objects:   6% (15/245)   Compressing objects:   7% (18/245)   Compressing objects:   8% (20/245)   Compressing objects:   9% (23/245)   Compressing objects:  10% (25/245)   Compressing objects:  11% (27/245)   Compressing objects:  12% (30/245)   Compressing objects:  13% (32/245)   Compressing objects:  14% (35/245)   Compressing objects:  15% (37/245)   Compressing objects:  16% (40/245)   Compressing objects:  17% (42/245)   Compressing objects:  18% (45/245)   Compressing objects:  19% (47/245)   Compressing objects:  20% (49/245)   Compressing objects:  21% (52/245)   Compressing objects:  22% (54/245)   Compressing objects:  23% (57/245)   Compressing objects:  24% (59/245)   Compressing objects:  25% (62/245)   Compressing objects:  26% (64/245)   Compressing objects:  27% (67/245)   Compressing objects:  28% (69/245)   Compressing objects:  29% (72/245)   Compressing objects:  30% (74/245)   Compressing objects:  31% (76/245)   Compressing objects:  32% (79/245)   Compressing objects:  33% (81/245)   Compressing objects:  34% (84/245)   Compressing objects:  35% (86/245)   Compressing objects:  36% (89/245)   Compressing objects:  37% (91/245)   Compressing objects:  38% (94/245)   Compressing objects:  39% (96/245)   Compressing objects:  40% (98/245)   Compressing objects:  41% (101/245)   Compressing objects:  42% (103/245)   Compressing objects:  43% (106/245)   Compressing objects:  44% (108/245)   Compressing objects:  45% (111/245)   Compressing objects:  46% (113/245)   Compressing objects:  47% (116/245)   Compressing objects:  48% (118/245)   Compressing objects:  49% (121/245)   Compressing objects:  50% (123/245)   Compressing objects:  51% (125/245)   Compressing objects:  52% (128/245)   Compressing objects:  53% (130/245)   Compressing objects:  54% (133/245)   Compressing objects:  55% (135/245)   Compressing objects:  56% (138/245)   Compressing objects:  57% (140/245)   Compressing objects:  58% (143/245)   Compressing objects:  59% (145/245)   Compressing objects:  60% (147/245)   Compressing objects:  61% (150/245)   Compressing objects:  62% (152/245)   Compressing objects:  63% (155/245)   Compressing objects:  64% (157/245)   Compressing objects:  65% (160/245)   Compressing objects:  66% (162/245)   Compressing objects:  67% (165/245)   Compressing objects:  68% (167/245)   Compressing objects:  69% (170/245)   Compressing objects:  70% (172/245)   Compressing objects:  71% (174/245)   Compressing objects:  72% (177/245)   Compressing objects:  73% (179/245)   Compressing objects:  74% (182/245)   Compressing objects:  75% (184/245)   Compressing objects:  76% (187/245)   Compressing objects:  77% (189/245)   Compressing objects:  78% (192/245)   Compressing objects:  79% (194/245)   Compressing objects:  80% (196/245)   Compressing objects:  81% (199/245)   Compressing objects:  82% (201/245)   Compressing objects:  83% (204/245)   Compressing objects:  84% (206/245)   Compressing objects:  85% (209/245)   Compressing objects:  86% (211/245)   Compressing objects:  87% (214/245)   Compressing objects:  88% (216/245)   Compressing objects:  89% (219/245)   Compressing objects:  90% (221/245)   Compressing objects:  91% (223/245)   Compressing objects:  92% (226/245)   Compressing objects:  93% (228/245)   Compressing objects:  94% (231/245)   Compressing objects:  95% (233/245)   Compressing objects:  96% (236/245)   Compressing objects:  97% (238/245)   Compressing objects:  98% (241/245)   Compressing objects:  99% (243/245)   Compressing objects: 100% (245/245)   Compressing objects: 100% (245/245), done.
Writing objects:   0% (1/279)   Writing objects:   1% (3/279)   Writing objects:   2% (6/279)   Writing objects:   3% (9/279)   Writing objects:   4% (12/279)   Writing objects:   5% (14/279)   Writing objects:   6% (17/279)   Writing objects:   7% (20/279)   Writing objects:   8% (23/279)   Writing objects:   9% (26/279)   Writing objects:  11% (31/279)   Writing objects:  12% (34/279)   Writing objects:  13% (37/279)   Writing objects:  14% (40/279)   Writing objects:  15% (42/279)   Writing objects:  16% (45/279)   Writing objects:  17% (48/279)   Writing objects:  18% (51/279)   Writing objects:  19% (54/279)   Writing objects:  20% (56/279)   Writing objects:  21% (59/279)   Writing objects:  22% (62/279)   Writing objects:  23% (65/279)   Writing objects:  24% (67/279)   Writing objects:  25% (70/279)   Writing objects:  26% (73/279)   Writing objects:  27% (76/279)   Writing objects:  28% (79/279)   Writing objects:  29% (81/279)   Writing objects:  30% (84/279)   Writing objects:  31% (87/279)   Writing objects:  32% (90/279)   Writing objects:  33% (93/279)   Writing objects:  34% (95/279)   Writing objects:  35% (98/279)   Writing objects:  36% (101/279)   Writing objects:  37% (104/279)   Writing objects:  38% (107/279)   Writing objects:  39% (109/279)   Writing objects:  40% (112/279)   Writing objects:  41% (115/279)   Writing objects:  42% (119/279)   Writing objects:  43% (120/279)   Writing objects:  44% (123/279)   Writing objects:  45% (126/279)   Writing objects:  46% (129/279)   Writing objects:  47% (132/279)   Writing objects:  48% (134/279)   Writing objects:  49% (137/279)   Writing objects:  50% (140/279)   Writing objects:  51% (143/279)   Writing objects:  52% (147/279)   Writing objects:  53% (148/279)   Writing objects:  54% (151/279)   Writing objects:  55% (154/279)   Writing objects:  56% (157/279)   Writing objects:  57% (160/279)   Writing objects:  58% (162/279)   Writing objects:  59% (165/279)   Writing objects:  60% (168/279)   Writing objects:  61% (171/279)   Writing objects:  62% (173/279)   Writing objects:  62% (175/279), 1.09 MiB | 356.00 KiB/s   Writing objects:  63% (176/279), 1.09 MiB | 356.00 KiB/s   Writing objects:  64% (179/279), 1.09 MiB | 356.00 KiB/s   Writing objects:  65% (182/279), 1.09 MiB | 356.00 KiB/s   Writing objects:  66% (185/279), 1.33 MiB | 355.00 KiB/s   Writing objects:  67% (189/279), 1.33 MiB | 355.00 KiB/s   Writing objects:  68% (190/279), 1.33 MiB | 355.00 KiB/s   Writing objects:  69% (193/279), 1.33 MiB | 355.00 KiB/s   Writing objects:  70% (196/279), 1.52 MiB | 344.00 KiB/s   Writing objects:  71% (199/279), 1.52 MiB | 344.00 KiB/s   Writing objects:  72% (201/279), 1.52 MiB | 344.00 KiB/s   Writing objects:  73% (204/279), 1.52 MiB | 344.00 KiB/s   Writing objects:  74% (207/279), 1.52 MiB | 344.00 KiB/s   Writing objects:  75% (210/279), 1.52 MiB | 344.00 KiB/s   Writing objects:  76% (213/279), 1.52 MiB | 344.00 KiB/s   Writing objects:  77% (215/279), 1.52 MiB | 344.00 KiB/s   Writing objects:  78% (218/279), 1.52 MiB | 344.00 KiB/s   Writing objects:  79% (221/279), 1.52 MiB | 344.00 KiB/s   Writing objects:  80% (224/279), 1.52 MiB | 344.00 KiB/s   Writing objects:  81% (226/279), 1.52 MiB | 344.00 KiB/s   Writing objects:  82% (229/279), 1.52 MiB | 344.00 KiB/s   Writing objects:  83% (232/279), 1.52 MiB | 344.00 KiB/s   Writing objects:  84% (235/279), 1.52 MiB | 344.00 KiB/s   Writing objects:  85% (238/279), 1.52 MiB | 344.00 KiB/s   Writing objects:  86% (240/279), 1.52 MiB | 344.00 KiB/s   Writing objects:  87% (243/279), 1.52 MiB | 344.00 KiB/s   Writing objects:  88% (246/279), 1.52 MiB | 344.00 KiB/s   Writing objects:  89% (249/279), 1.52 MiB | 344.00 KiB/s   Writing objects:  90% (252/279), 1.52 MiB | 344.00 KiB/s   Writing objects:  91% (254/279), 1.52 MiB | 344.00 KiB/s   Writing objects:  91% (256/279), 1.70 MiB | 347.00 KiB/s   Writing objects:  92% (257/279), 1.70 MiB | 347.00 KiB/s   Writing objects:  93% (260/279), 1.70 MiB | 347.00 KiB/s   Writing objects:  94% (263/279), 1.70 MiB | 347.00 KiB/s   Writing objects:  95% (266/279), 1.70 MiB | 347.00 KiB/s   Writing objects:  96% (268/279), 1.70 MiB | 347.00 KiB/s   Writing objects:  97% (271/279), 1.70 MiB | 347.00 KiB/s   Writing objects:  98% (274/279), 1.70 MiB | 347.00 KiB/s   Writing objects:  99% (277/279), 1.70 MiB | 347.00 KiB/s   Writing objects: 100% (279/279), 1.70 MiB | 347.00 KiB/s   Writing objects: 100% (279/279), 1.94 MiB | 361.00 KiB/s, done.
Total 279 (delta 80), reused 0 (delta 0)
remote: Resolving deltas:   0% (0/80)[Kremote: Resolving deltas:   1% (1/80)[Kremote: Resolving deltas:   2% (2/80)[Kremote: Resolving deltas:  13% (11/80)[Kremote: Resolving deltas:  17% (14/80)[Kremote: Resolving deltas:  18% (15/80)[Kremote: Resolving deltas:  20% (16/80)[Kremote: Resolving deltas:  21% (17/80)[Kremote: Resolving deltas:  36% (29/80)[Kremote: Resolving deltas:  41% (33/80)[Kremote: Resolving deltas:  60% (48/80)[Kremote: Resolving deltas:  65% (52/80)[Kremote: Resolving deltas:  76% (61/80)[Kremote: Resolving deltas:  85% (68/80)[Kremote: Resolving deltas:  91% (73/80)[Kremote: Resolving deltas:  98% (79/80)[Kremote: Resolving deltas: 100% (80/80)[Kremote: Resolving deltas: 100% (80/80), done.[K
To https://github.com/sro523/website1.git
 * [new branch]      master -> master
]0;~/Desktop/website1(base) Sydneys-MacBook-Pro:website1 sydro$ [K(base) Sydneys-MacBook-Pro:website1 sydro$ [K(base) Sydneys-MacBook-Pro:website1 sydro$ [K(base) Sydneys-MacBook-Pro:website1 sydro$ [K(base) Sydneys-MacBook-Pro:website1 sydro$ [K(base)  Sydneyys-MacBBook-Prro:webssite1 ssydro$  [K[A[A[A[A[A[A[A(base) Sydneys-MacBook-Pro:website1 sydro$ [K(base) Sydneys-MacBook-Pro:website1 sydro$ [K(base) Sydneys-MacBook-Pro:website1 sydro$ [K(base) Sydneys-MacBook-Pro:website1 sydro$ [K(base) Sydneys-MacBook-Pro:website1 sydro$ [K(base) Sydneys-MacBook-Pro:website1 sydro$ [K(base) Sydneys-MacBook-Pro:website1 sydro$ [K(base) Sydneys-MacBook-Pro:website11 sydro$ [K[A(base) Sydneys-MacBook-Pro:website1 sydro$ [K(base) Sydneys-MacBook-Pro:website1 sydro$ [K(base) Sydneys-MacBook-Pro:website1 sydro$ git add .
]0;~/Desktop/website1(base) Sydneys-MacBook-Pro:website1 sydro$ git commit -m "finished resume e[Ksection"
[master c54a4f7] finished resume section
 Committer: Sydney Ortiz <sydro@Sydneys-MacBook-Pro.local>
Your name and email address were configured automatically based
on your username and hostname. Please check that they are accurate.
You can suppress this message by setting them explicitly:

    git config --global user.name "Your Name"
    git config --global user.email you@example.com

After doing this, you may fix the identity used for this commit with:

    git commit --amend --reset-author

 16 files changed, 195 insertions(+), 61 deletions(-)
 rewrite .Rproj.user/64EB96B8/console06/INDEX001 (70%)
]0;~/Desktop/website1(base) Sydneys-MacBook-Pro:website1 sydro$ git com[K[K[Koush[K[K[K[Kpush myorigin master
Counting objects: 32, done.
Delta compression using up to 4 threads.
Compressing objects:   3% (1/32)   Compressing objects:   6% (2/32)   Compressing objects:   9% (3/32)   Compressing objects:  12% (4/32)   Compressing objects:  15% (5/32)   Compressing objects:  18% (6/32)   Compressing objects:  21% (7/32)   Compressing objects:  25% (8/32)   Compressing objects:  28% (9/32)   Compressing objects:  31% (10/32)   Compressing objects:  34% (11/32)   Compressing objects:  37% (12/32)   Compressing objects:  40% (13/32)   Compressing objects:  43% (14/32)   Compressing objects:  46% (15/32)   Compressing objects:  50% (16/32)   Compressing objects:  53% (17/32)   Compressing objects:  56% (18/32)   Compressing objects:  59% (19/32)   Compressing objects:  62% (20/32)   Compressing objects:  65% (21/32)   Compressing objects:  68% (22/32)   Compressing objects:  71% (23/32)   Compressing objects:  75% (24/32)   Compressing objects:  78% (25/32)   Compressing objects:  81% (26/32)   Compressing objects:  84% (27/32)   Compressing objects:  87% (28/32)   Compressing objects:  90% (29/32)   Compressing objects:  93% (30/32)   Compressing objects:  96% (31/32)   Compressing objects: 100% (32/32)   Compressing objects: 100% (32/32), done.
Writing objects:   3% (1/32)   Writing objects:   6% (2/32)   Writing objects:   9% (3/32)   Writing objects:  12% (4/32)   Writing objects:  15% (5/32)   Writing objects:  18% (6/32)   Writing objects:  21% (7/32)   Writing objects:  25% (8/32)   Writing objects:  28% (9/32)   Writing objects:  31% (10/32)   Writing objects:  34% (11/32)   Writing objects:  37% (12/32)   Writing objects:  40% (13/32)   Writing objects:  43% (14/32)   Writing objects:  46% (15/32)   Writing objects:  50% (16/32)   Writing objects:  53% (17/32)   Writing objects:  56% (18/32)   Writing objects:  59% (19/32)   Writing objects:  62% (20/32)   Writing objects:  65% (21/32)   Writing objects:  68% (22/32)   Writing objects:  71% (23/32)   Writing objects:  75% (24/32)   Writing objects:  78% (25/32)   Writing objects:  81% (26/32)   Writing objects:  84% (27/32)   Writing objects:  87% (28/32)   Writing objects:  90% (29/32)   Writing objects:  93% (30/32)   Writing objects:  96% (31/32)   Writing objects: 100% (32/32)   Writing objects: 100% (32/32), 7.05 KiB | 131.00 KiB/s, done.
Total 32 (delta 20), reused 0 (delta 0)
remote: Resolving deltas:   0% (0/20)[Kremote: Resolving deltas:   5% (1/20)[Kremote: Resolving deltas:  10% (2/20)[Kremote: Resolving deltas:  15% (3/20)[Kremote: Resolving deltas:  20% (4/20)[Kremote: Resolving deltas:  25% (5/20)[Kremote: Resolving deltas:  30% (6/20)[Kremote: Resolving deltas:  35% (7/20)[Kremote: Resolving deltas:  40% (8/20)[Kremote: Resolving deltas:  45% (9/20)[Kremote: Resolving deltas:  50% (10/20)[Kremote: Resolving deltas:  55% (11/20)[Kremote: Resolving deltas:  65% (13/20)[Kremote: Resolving deltas:  70% (14/20)[Kremote: Resolving deltas:  75% (15/20)[Kremote: Resolving deltas:  80% (16/20)[Kremote: Resolving deltas:  85% (17/20)[Kremote: Resolving deltas:  90% (18/20)[Kremote: Resolving deltas:  95% (19/20)[Kremote: Resolving deltas: 100% (20/20)[Kremote: Resolving deltas: 100% (20/20), completed with 19 local objects.[K
To https://github.com/sro523/website1.git
   491faf7..c54a4f7  master -> master
]0;~/Desktop/website1(base) Sydneys-MacBook-Pro:website1 sydro$ git push myorigin mastercommit -m "finished resume section"add .[K
]0;~/Desktop/website1(base) Sydneys-MacBook-Pro:website1 sydro$ git add .push myorigin mastercommit -m "finished resume section";n"2n"Dn";n"2n"Dn";n"2n"Dn";n"2n"Dn" [A[C[C[C[C[C[C[C[C[C[C[C[C[C[C[C[C[C[C[C[C[C[C[C[C[C[C[C[C[C[C[C[C[C[C[C[C[C[C[C[C[C[C[C[C[C[C[C[C[C[C[C[C[C[C[C[C[C[C[C[C[C[C[C[C[C[C[C[C[C[C[C[C[C[C[C[C[C[C[C[C[C[C[C[C[C[C[C[C[C[C[C[C[1Pn"
[K[A[C[C[C[C[C[C[C[C[C[C[C[C[C[C[C[C[C[C[C[C[C[C[C[C[C[C[C[C[C[C[C[C[C[C[C[C[C[C[C[C[C[C[C[C[C[C[C[C[C[C[C[C[C[C[C[C[C[C[C[C[C[C[C[C[C[C[C[C[C[C[C[C[C[C[C[C[C[C[C[C[C[C[C[C[C[C[C[C[C[C[C[1Pn"[1Pn"[1Pn"[1Pn"[1Pn"[1Pn"[1Pn"[1Pn"[1Pn"[1Pn"[1Pn"[1Pn"[1Pn"[1Pn"[1Pn"[1Pn"[1Pn"[1Pn"[1Pn"[1Pn"[1Pn"[1Pn"[1Pn"[1Pn"[1Pn"[1Pn"[1Pn"[1Pn"[1Pn"[1Pn"[1P"[1Pn"[1Pn"[C[1P"t"y"p"o" "i"n" "i"n"d"e"x"
[master 78e17eb] typo in index
 Committer: Sydney Ortiz <sydro@Sydneys-MacBook-Pro.local>
Your name and email address were configured automatically based
on your username and hostname. Please check that they are accurate.
You can suppress this message by setting them explicitly:

    git config --global user.name "Your Name"
    git config --global user.email you@example.com

After doing this, you may fix the identity used for this commit with:

    git commit --amend --reset-author

 6 files changed, 36 insertions(+), 10 deletions(-)
]0;~/Desktop/website1(base) Sydneys-MacBook-Pro:website1 sydro$ git commit -m "typo in index"add .[Kpush myorigin master
Counting objects: 17, done.
Delta compression using up to 4 threads.
Compressing objects:   5% (1/17)   Compressing objects:  11% (2/17)   Compressing objects:  17% (3/17)   Compressing objects:  23% (4/17)   Compressing objects:  29% (5/17)   Compressing objects:  35% (6/17)   Compressing objects:  41% (7/17)   Compressing objects:  47% (8/17)   Compressing objects:  52% (9/17)   Compressing objects:  58% (10/17)   Compressing objects:  64% (11/17)   Compressing objects:  70% (12/17)   Compressing objects:  76% (13/17)   Compressing objects:  82% (14/17)   Compressing objects:  88% (15/17)   Compressing objects:  94% (16/17)   Compressing objects: 100% (17/17)   Compressing objects: 100% (17/17), done.
Writing objects:   5% (1/17)   Writing objects:  11% (2/17)   Writing objects:  17% (3/17)   Writing objects:  23% (4/17)   Writing objects:  29% (5/17)   Writing objects:  35% (6/17)   Writing objects:  41% (7/17)   Writing objects:  47% (8/17)   Writing objects:  52% (9/17)   Writing objects:  58% (10/17)   Writing objects:  64% (11/17)   Writing objects:  70% (12/17)   Writing objects:  76% (13/17)   Writing objects:  82% (14/17)   Writing objects:  88% (15/17)   Writing objects:  94% (16/17)   Writing objects: 100% (17/17)   Writing objects: 100% (17/17), 2.05 KiB | 110.00 KiB/s, done.
Total 17 (delta 10), reused 0 (delta 0)
remote: Resolving deltas:   0% (0/10)[Kremote: Resolving deltas:  10% (1/10)[Kremote: Resolving deltas:  20% (2/10)[Kremote: Resolving deltas:  30% (3/10)[Kremote: Resolving deltas:  40% (4/10)[Kremote: Resolving deltas:  50% (5/10)[Kremote: Resolving deltas:  60% (6/10)[Kremote: Resolving deltas:  70% (7/10)[Kremote: Resolving deltas:  80% (8/10)[Kremote: Resolving deltas:  90% (9/10)[Kremote: Resolving deltas: 100% (10/10)[Kremote: Resolving deltas: 100% (10/10), completed with 10 local objects.[K
To https://github.com/sro523/website1.git
   c54a4f7..78e17eb  master -> master
]0;~/Desktop/website1(base) Sydneys-MacBook-Pro:website1 sydro$ git push myorigin mastercommit -m "typo in index"add .[K
]0;~/Desktop/website1(base) Sydneys-MacBook-Pro:website1 sydro$ git add .push myorigin mastercommit -m "typo in index"[1Px"[1Px"[1Px"[1Px"[1Px"[1Px"[1Px"[1Px"[1Px"[1Px"[1Px"[1Px"rx"ex"sx"ux"mx"ex" x"lx"ix"nx"kx" x"ix"nx" x"ix"nx"dx"ex"[C[C
[master 9f5b2b3] resume link in index
 Committer: Sydney Ortiz <sydro@Sydneys-MacBook-Pro.local>
Your name and email address were configured automatically based
on your username and hostname. Please check that they are accurate.
You can suppress this message by setting them explicitly:

    git config --global user.name "Your Name"
    git config --global user.email you@example.com

After doing this, you may fix the identity used for this commit with:

    git commit --amend --reset-author

 6 files changed, 36 insertions(+), 10 deletions(-)
]0;~/Desktop/website1(base) Sydneys-MacBook-Pro:website1 sydro$ git commit -m "resume link in index"add .[Kpush myorigin master
Counting objects: 17, done.
Delta compression using up to 4 threads.
Compressing objects:   5% (1/17)   Compressing objects:  11% (2/17)   Compressing objects:  17% (3/17)   Compressing objects:  23% (4/17)   Compressing objects:  29% (5/17)   Compressing objects:  35% (6/17)   Compressing objects:  41% (7/17)   Compressing objects:  47% (8/17)   Compressing objects:  52% (9/17)   Compressing objects:  58% (10/17)   Compressing objects:  64% (11/17)   Compressing objects:  70% (12/17)   Compressing objects:  76% (13/17)   Compressing objects:  82% (14/17)   Compressing objects:  88% (15/17)   Compressing objects:  94% (16/17)   Compressing objects: 100% (17/17)   Compressing objects: 100% (17/17), done.
Writing objects:   5% (1/17)   Writing objects:  11% (2/17)   Writing objects:  17% (3/17)   Writing objects:  23% (4/17)   Writing objects:  29% (5/17)   Writing objects:  35% (6/17)   Writing objects:  41% (7/17)   Writing objects:  47% (8/17)   Writing objects:  52% (9/17)   Writing objects:  58% (10/17)   Writing objects:  64% (11/17)   Writing objects:  70% (12/17)   Writing objects:  76% (13/17)   Writing objects:  82% (14/17)   Writing objects:  88% (15/17)   Writing objects:  94% (16/17)   Writing objects: 100% (17/17)   Writing objects: 100% (17/17), 1.97 KiB | 61.00 KiB/s, done.
Total 17 (delta 10), reused 0 (delta 0)
remote: Resolving deltas:   0% (0/10)[Kremote: Resolving deltas:  10% (1/10)[Kremote: Resolving deltas:  20% (2/10)[Kremote: Resolving deltas:  30% (3/10)[Kremote: Resolving deltas:  40% (4/10)[Kremote: Resolving deltas:  50% (5/10)[Kremote: Resolving deltas:  60% (6/10)[Kremote: Resolving deltas:  70% (7/10)[Kremote: Resolving deltas:  80% (8/10)[Kremote: Resolving deltas:  90% (9/10)[Kremote: Resolving deltas: 100% (10/10)[Kremote: Resolving deltas: 100% (10/10), completed with 10 local objects.[K
To https://github.com/sro523/website1.git
   78e17eb..9f5b2b3  master -> master
]0;~/Desktop/website1(base) Sydneys-MacBook-Pro:website1 sydro$ ls
config.toml	index.Rmd	static		website1.Rproj
content		public		themes
]0;~/Desktop/website1(base) Sydneys-MacBook-Pro:website1 sydro$ cd static/img/
]0;~/Desktop/website1/static/img(base) Sydneys-MacBook-Pro:img sydro$ ls
coolpython.jpeg	help.png	profile.png
]0;~/Desktop/website1/static/img(base) Sydneys-MacBook-Pro:img sydro$ ls
coolpython.png	help.png	profile.png
]0;~/Desktop/website1/static/img(base) Sydneys-MacBook-Pro:img sydro$ lscd static/img/ls[Kgit push myorigin mastercommit -m "resume link in index"add .[K
]0;~/Desktop/website1/static/img(base) Sydneys-MacBook-Pro:img sydro$ git add .ls[Kcd static/img/ls[Kgit push myorigin mastercommit -m "resume link in index"[1Px"[1Px"[1Px"[1Px"[1Px"[1Px"[1Px"[1Px"[1Px"[1Px"[1Px"[1Px"[1Px"[1Px"[1Px"[1Px"[1Px"[1Px"[1Px"[C[1P"p"i"c" "a"d"d"e"d" "t"o" "b"l"o"g"
[master 100ba37] pic added to blog
 Committer: Sydney Ortiz <sydro@Sydneys-MacBook-Pro.local>
Your name and email address were configured automatically based
on your username and hostname. Please check that they are accurate.
You can suppress this message by setting them explicitly:

    git config --global user.name "Your Name"
    git config --global user.email you@example.com

After doing this, you may fix the identity used for this commit with:

    git commit --amend --reset-author

 1 file changed, 0 insertions(+), 0 deletions(-)
]0;~/Desktop/website1/static/img(base) Sydneys-MacBook-Pro:img sydro$ cd ..
]0;~/Desktop/website1/static(base) Sydneys-MacBook-Pro:static sydro$ ls
Project1_files	blog		img		project2_files	resume.pdf
]0;~/Desktop/website1/static(base) Sydneys-MacBook-Pro:static sydro$ pwd
/Users/sydro/Desktop/website1/static
]0;~/Desktop/website1/static(base) Sydneys-MacBook-Pro:static sydro$ cd ..
]0;~/Desktop/website1(base) Sydneys-MacBook-Pro:website1 sydro$ cd ..[2Ppwd[1Plscd ..git commit -m "pic added to blog"add .[Kls[Kcd static/img/ls[Kgit add .
]0;~/Desktop/website1(base) Sydneys-MacBook-Pro:website1 sydro$ git add .[4Pcd ..[2Ppwd[1Plscd ..git commit -m "pic added to blog"
[master f1302de] pic added to blog
 Committer: Sydney Ortiz <sydro@Sydneys-MacBook-Pro.local>
Your name and email address were configured automatically based
on your username and hostname. Please check that they are accurate.
You can suppress this message by setting them explicitly:

    git config --global user.name "Your Name"
    git config --global user.email you@example.com

After doing this, you may fix the identity used for this commit with:

    git commit --amend --reset-author

 20 files changed, 75 insertions(+), 14 deletions(-)
 create mode 100644 content/coolpython.png
 create mode 100644 public/coolpython.png
 create mode 100644 public/img/coolpython.jpeg
 create mode 100644 public/img/coolpython.png
]0;~/Desktop/website1(base) Sydneys-MacBook-Pro:website1 sydro$ git commit -m "pic added to blog"add .[K[4Pcd ..[2Ppwd[1Plscd ..git commit -m "pic added to blog"add .[Kls[Kcd static/img/ls[Kgit push myorigin master
Counting objects: 39, done.
Delta compression using up to 4 threads.
Compressing objects:   2% (1/35)   Compressing objects:   5% (2/35)   Compressing objects:   8% (3/35)   Compressing objects:  11% (4/35)   Compressing objects:  14% (5/35)   Compressing objects:  17% (6/35)   Compressing objects:  20% (7/35)   Compressing objects:  22% (8/35)   Compressing objects:  25% (9/35)   Compressing objects:  28% (10/35)   Compressing objects:  31% (11/35)   Compressing objects:  34% (12/35)   Compressing objects:  37% (13/35)   Compressing objects:  40% (14/35)   Compressing objects:  42% (15/35)   Compressing objects:  45% (16/35)   Compressing objects:  48% (17/35)   Compressing objects:  51% (18/35)   Compressing objects:  54% (19/35)   Compressing objects:  57% (20/35)   Compressing objects:  60% (21/35)   Compressing objects:  62% (22/35)   Compressing objects:  65% (23/35)   Compressing objects:  68% (24/35)   Compressing objects:  71% (25/35)   Compressing objects:  74% (26/35)   Compressing objects:  77% (27/35)   Compressing objects:  80% (28/35)   Compressing objects:  82% (29/35)   Compressing objects:  85% (30/35)   Compressing objects:  88% (31/35)   Compressing objects:  91% (32/35)   Compressing objects:  94% (33/35)   Compressing objects:  97% (34/35)   Compressing objects: 100% (35/35)   Compressing objects: 100% (35/35), done.
Writing objects:   2% (1/39)   Writing objects:   5% (2/39)   Writing objects:   7% (3/39)   Writing objects:  10% (4/39)   Writing objects:  12% (5/39)   Writing objects:  15% (6/39)   Writing objects:  17% (7/39)   Writing objects:  20% (8/39)   Writing objects:  23% (9/39)   Writing objects:  25% (10/39)   Writing objects:  28% (11/39)   Writing objects:  30% (12/39)   Writing objects:  33% (13/39)   Writing objects:  35% (14/39)   Writing objects:  38% (15/39)   Writing objects:  41% (16/39)   Writing objects:  43% (17/39)   Writing objects:  46% (18/39)   Writing objects:  48% (19/39)   Writing objects:  51% (20/39)   Writing objects:  53% (21/39)   Writing objects:  56% (22/39)   Writing objects:  58% (23/39)   Writing objects:  61% (24/39)   Writing objects:  64% (25/39)   Writing objects:  66% (26/39)   Writing objects:  66% (26/39), 1.07 MiB | 485.00 KiB/s   Writing objects:  69% (27/39), 1.07 MiB | 485.00 KiB/s   Writing objects:  71% (28/39), 1.07 MiB | 485.00 KiB/s   Writing objects:  74% (29/39), 1.07 MiB | 485.00 KiB/s   Writing objects:  76% (30/39), 1.07 MiB | 485.00 KiB/s   Writing objects:  79% (31/39), 1.07 MiB | 485.00 KiB/s   Writing objects:  82% (32/39), 1.07 MiB | 485.00 KiB/s   Writing objects:  84% (33/39), 1.07 MiB | 485.00 KiB/s   Writing objects:  87% (34/39), 1.07 MiB | 485.00 KiB/s   Writing objects:  89% (35/39), 1.31 MiB | 471.00 KiB/s   Writing objects:  92% (36/39), 1.31 MiB | 471.00 KiB/s   Writing objects:  94% (37/39), 1.31 MiB | 471.00 KiB/s   Writing objects:  97% (38/39), 1.31 MiB | 471.00 KiB/s   Writing objects: 100% (39/39), 1.31 MiB | 471.00 KiB/s   Writing objects: 100% (39/39), 1.42 MiB | 479.00 KiB/s, done.
Total 39 (delta 21), reused 0 (delta 0)
remote: Resolving deltas:   0% (0/21)[Kremote: Resolving deltas:   4% (1/21)[Kremote: Resolving deltas:   9% (2/21)[Kremote: Resolving deltas:  14% (3/21)[Kremote: Resolving deltas:  19% (4/21)[Kremote: Resolving deltas:  23% (5/21)[Kremote: Resolving deltas:  28% (6/21)[Kremote: Resolving deltas:  33% (7/21)[Kremote: Resolving deltas:  38% (8/21)[Kremote: Resolving deltas:  42% (9/21)[Kremote: Resolving deltas:  47% (10/21)[Kremote: Resolving deltas:  52% (11/21)[Kremote: Resolving deltas:  57% (12/21)[Kremote: Resolving deltas:  61% (13/21)[Kremote: Resolving deltas:  66% (14/21)[Kremote: Resolving deltas:  71% (15/21)[Kremote: Resolving deltas:  76% (16/21)[Kremote: Resolving deltas:  80% (17/21)[Kremote: Resolving deltas:  85% (18/21)[Kremote: Resolving deltas:  95% (20/21)[Kremote: Resolving deltas: 100% (21/21)[Kremote: Resolving deltas: 100% (21/21), completed with 20 local objects.[K
To https://github.com/sro523/website1.git
   9f5b2b3..f1302de  master -> master
]0;~/Desktop/website1(base) Sydneys-MacBook-Pro:website1 sydro$ blogdown::serve_site()
> 
]0;~/Desktop/website1(base) Sydneys-MacBook-Pro:website1 sydro$ blogdow:==[K[K[K[K[K[K[K[K[K[Kgit add
Nothing specified, nothing added.
Maybe you wanted to say 'git add .'?
]0;~/Desktop/website1(base) Sydneys-MacBook-Pro:website1 sydro$ git add.
git: 'add.' is not a git command. See 'git --help'.

The most similar command is
	add
]0;~/Desktop/website1(base) Sydneys-MacBook-Pro:website1 sydro$ git commit-m"email link"git add .[K[K[K[K[K[K[K[K[K[K[K[K[K[K[K[K[K[K[K[K[K[K[K[K[K[K[K[K[K[K[K[K[Kgit add .
]0;~/Desktop/website1(base) Sydneys-MacBook-Pro:website1 sydro$ git commit -m "emaillink[K[K[K[K link"[K[K[K[K[K[K[K[K[K[K[K[K"email lin"[Kk"[K[K[K[K[K[K[K[K[K[K[Kmessage'[K"git init[K[K[K[K[K[K[K[K[K[K[K[K[K[K[K[K[K[K[K[K[K[K[K[K[K[K[K[K[K[K[Kgit init
Reinitialized existing Git repository in /Users/sydro/Desktop/website1/.git/
]0;~/Desktop/website1(base) Sydneys-MacBook-Pro:website1 sydro$ i[Kgit add.
git: 'add.' is not a git command. See 'git --help'.

The most similar command is
	add
]0;~/Desktop/website1(base) Sydneys-MacBook-Pro:website1 sydro$ git commit -m "first website commit"
[master 2f1099c] first website commit
 Committer: Sydney Ortiz <sydro@216.dhcp.apogeetelecom.com>
Your name and email address were configured automatically based
on your username and hostname. Please check that they are accurate.
You can suppress this message by setting them explicitly:

    git config --global user.name "Your Name"
    git config --global user.email you@example.com

After doing this, you may fix the identity used for this commit with:

    git commit --amend --reset-author

 7 files changed, 61 insertions(+), 20 deletions(-)
]0;~/Desktop/website1(base) Sydneys-MacBook-Pro:website1 sydro$ git add .
]0;~/Desktop/website1(base) Sydneys-MacBook-Pro:website1 sydro$ git add .
]0;~/Desktop/website1(base) Sydneys-MacBook-Pro:website1 sydro$ git commit -m "some message"
[master b8b421a] some message
 Committer: Sydney Ortiz <sydro@216.dhcp.apogeetelecom.com>
Your name and email address were configured automatically based
on your username and hostname. Please check that they are accurate.
You can suppress this message by setting them explicitly:

    git config --global user.name "Your Name"
    git config --global user.email you@example.com

After doing this, you may fix the identity used for this commit with:

    git commit --amend --reset-author

 1 file changed, 24 insertions(+)
]0;~/Desktop/website1(base) Sydneys-MacBook-Pro:website1 sydro$ git add.
git: 'add.' is not a git command. See 'git --help'.

The most similar command is
	add
]0;~/Desktop/website1(base) Sydneys-MacBook-Pro:website1 sydro$ git commit -m "some message"
On branch master
Changes not staged for commit:
	[31mmodified:   .Rproj.user/64EB96B8/console06/1FAED5F7[m

no changes added to commit
]0;~/Desktop/website1(base) Sydneys-MacBook-Pro:website1 sydro$ git push origin master
remote: Repository not found.
fatal: repository 'https://github.com/YourGithubUsername/website1.git/' not found
]0;~/Desktop/website1(base) Sydneys-MacBook-Pro:website1 sydro$ git add.[K .
]0;~/Desktop/website1(base) Sydneys-MacBook-Pro:website1 sydro$ git commit -m "some message"
[master c1a9616] some message
 Committer: Sydney Ortiz <sydro@216.dhcp.apogeetelecom.com>
Your name and email address were configured automatically based
on your username and hostname. Please check that they are accurate.
You can suppress this message by setting them explicitly:

    git config --global user.name "Your Name"
    git config --global user.email you@example.com

After doing this, you may fix the identity used for this commit with:

    git commit --amend --reset-author

 1 file changed, 30 insertions(+)
]0;~/Desktop/website1(base) Sydneys-MacBook-Pro:website1 sydro$ git push origin master
remote: Repository not found.
fatal: repository 'https://github.com/YourGithubUsername/website1.git/' not found
]0;~/Desktop/website1(base) Sydneys-MacBook-Pro:website1 sydro$ git add .
]0;~/Desktop/website1(base) Sydneys-MacBook-Pro:website1 sydro$ git commit -m "some messg[Kage"
[master 21f6f65] some message
 Committer: Sydney Ortiz <sydro@216.dhcp.apogeetelecom.com>
Your name and email address were configured automatically based
on your username and hostname. Please check that they are accurate.
You can suppress this message by setting them explicitly:

    git config --global user.name "Your Name"
    git config --global user.email you@example.com

After doing this, you may fix the identity used for this commit with:

    git commit --amend --reset-author

 1 file changed, 20 insertions(+), 1 deletion(-)
]0;~/Desktop/website1(base) Sydneys-MacBook-Pro:website1 sydro$ m[Kgit push myorigin master
Counting objects: 35, done.
Delta compression using up to 4 threads.
Compressing objects:   2% (1/35)   Compressing objects:   5% (2/35)   Compressing objects:   8% (3/35)   Compressing objects:  11% (4/35)   Compressing objects:  14% (5/35)   Compressing objects:  17% (6/35)   Compressing objects:  20% (7/35)   Compressing objects:  22% (8/35)   Compressing objects:  25% (9/35)   Compressing objects:  28% (10/35)   Compressing objects:  31% (11/35)   Compressing objects:  34% (12/35)   Compressing objects:  37% (13/35)   Compressing objects:  40% (14/35)   Compressing objects:  42% (15/35)   Compressing objects:  45% (16/35)   Compressing objects:  48% (17/35)   Compressing objects:  51% (18/35)   Compressing objects:  54% (19/35)   Compressing objects:  57% (20/35)   Compressing objects:  60% (21/35)   Compressing objects:  62% (22/35)   Compressing objects:  65% (23/35)   Compressing objects:  68% (24/35)   Compressing objects:  71% (25/35)   Compressing objects:  74% (26/35)   Compressing objects:  77% (27/35)   Compressing objects:  80% (28/35)   Compressing objects:  82% (29/35)   Compressing objects:  85% (30/35)   Compressing objects:  88% (31/35)   Compressing objects:  91% (32/35)   Compressing objects:  94% (33/35)   Compressing objects:  97% (34/35)   Compressing objects: 100% (35/35)   Compressing objects: 100% (35/35), done.
Writing objects:   2% (1/35)   Writing objects:   5% (2/35)   Writing objects:   8% (3/35)   Writing objects:  11% (4/35)   Writing objects:  14% (5/35)   Writing objects:  17% (6/35)   Writing objects:  20% (7/35)   Writing objects:  22% (8/35)   Writing objects:  25% (9/35)   Writing objects:  28% (10/35)   Writing objects:  31% (11/35)   Writing objects:  34% (12/35)   Writing objects:  37% (13/35)   Writing objects:  40% (14/35)   Writing objects:  42% (15/35)   Writing objects:  45% (16/35)   Writing objects:  48% (17/35)   Writing objects:  51% (18/35)   Writing objects:  54% (19/35)   Writing objects:  57% (20/35)   Writing objects:  60% (21/35)   Writing objects:  62% (22/35)   Writing objects:  65% (23/35)   Writing objects:  68% (24/35)   Writing objects:  71% (25/35)   Writing objects:  74% (26/35)   Writing objects:  77% (27/35)   Writing objects:  80% (28/35)   Writing objects:  82% (29/35)   Writing objects:  85% (30/35)   Writing objects:  88% (31/35)   Writing objects:  91% (32/35)   Writing objects:  94% (33/35)   Writing objects:  97% (34/35)   Writing objects: 100% (35/35)   Writing objects: 100% (35/35), 4.15 KiB | 75.00 KiB/s, done.
Total 35 (delta 16), reused 0 (delta 0)
remote: Resolving deltas:   0% (0/16)[Kremote: Resolving deltas:  25% (4/16)[Kremote: Resolving deltas:  50% (8/16)[Kremote: Resolving deltas:  56% (9/16)[Kremote: Resolving deltas:  62% (10/16)[Kremote: Resolving deltas:  68% (11/16)[Kremote: Resolving deltas:  75% (12/16)[Kremote: Resolving deltas:  81% (13/16)[Kremote: Resolving deltas:  87% (14/16)[Kremote: Resolving deltas:  93% (15/16)[Kremote: Resolving deltas: 100% (16/16)[Kremote: Resolving deltas: 100% (16/16), completed with 10 local objects.[K
To https://github.com/sro523/website1.git
   f1302de..21f6f65  master -> master
]0;~/Desktop/website1(base) Sydneys-MacBook-Pro:website1 sydro$ [K(base) Sydneys-MacBook-Pro:website1 sydro$ [K(base) Sydneys-MacBook-Pro:website1 sydro$ git add .
]0;~/Desktop/website1(base) Sydneys-MacBook-Pro:website1 sydro$ git p[Kg[Kcommit -m :[K"some message"
[master 1cd8d52] some message
 Committer: Sydney Ortiz <sydro@216.dhcp.apogeetelecom.com>
Your name and email address were configured automatically based
on your username and hostname. Please check that they are accurate.
You can suppress this message by setting them explicitly:

    git config --global user.name "Your Name"
    git config --global user.email you@example.com

After doing this, you may fix the identity used for this commit with:

    git commit --amend --reset-author

 9 files changed, 254 insertions(+), 3 deletions(-)
 create mode 100644 .Rproj.user/64EB96B8/sources/prop/5368EAB
 create mode 100644 .Rproj.user/64EB96B8/sources/s-702139D7/DD87577B
 create mode 100644 .Rproj.user/64EB96B8/sources/s-702139D7/DD87577B-contents
]0;~/Desktop/website1(base) Sydneys-MacBook-Pro:website1 sydro$ git push myiru[K[K[Korigin master
Counting objects: 20, done.
Delta compression using up to 4 threads.
Compressing objects:   5% (1/19)   Compressing objects:  10% (2/19)   Compressing objects:  15% (3/19)   Compressing objects:  21% (4/19)   Compressing objects:  26% (5/19)   Compressing objects:  31% (6/19)   Compressing objects:  36% (7/19)   Compressing objects:  42% (8/19)   Compressing objects:  47% (9/19)   Compressing objects:  52% (10/19)   Compressing objects:  57% (11/19)   Compressing objects:  63% (12/19)   Compressing objects:  68% (13/19)   Compressing objects:  73% (14/19)   Compressing objects:  78% (15/19)   Compressing objects:  84% (16/19)   Compressing objects:  89% (17/19)   Compressing objects:  94% (18/19)   Compressing objects: 100% (19/19)   Compressing objects: 100% (19/19), done.
Writing objects:   5% (1/20)   Writing objects:  10% (2/20)   Writing objects:  15% (3/20)   Writing objects:  20% (4/20)   Writing objects:  25% (5/20)   Writing objects:  30% (6/20)   Writing objects:  35% (7/20)   Writing objects:  40% (8/20)   Writing objects:  45% (9/20)   Writing objects:  50% (10/20)   Writing objects:  55% (11/20)   Writing objects:  60% (12/20)   Writing objects:  65% (13/20)   Writing objects:  70% (14/20)   Writing objects:  75% (15/20)   Writing objects:  80% (16/20)   Writing objects:  85% (17/20)   Writing objects:  90% (18/20)   Writing objects:  95% (19/20)   Writing objects: 100% (20/20)   Writing objects: 100% (20/20), 3.63 KiB | 218.00 KiB/s, done.
Total 20 (delta 10), reused 0 (delta 0)
remote: Resolving deltas:   0% (0/10)[Kremote: Resolving deltas:  10% (1/10)[Kremote: Resolving deltas:  20% (2/10)[Kremote: Resolving deltas:  30% (3/10)[Kremote: Resolving deltas:  40% (4/10)[Kremote: Resolving deltas:  50% (5/10)[Kremote: Resolving deltas:  60% (6/10)[Kremote: Resolving deltas:  70% (7/10)[Kremote: Resolving deltas:  80% (8/10)[Kremote: Resolving deltas:  90% (9/10)[Kremote: Resolving deltas: 100% (10/10)[Kremote: Resolving deltas: 100% (10/10), completed with 10 local objects.[K
To https://github.com/sro523/website1.git
   21f6f65..1cd8d52  master -> master
]0;~/Desktop/website1(base) Sydneys-MacBook-Pro:website1 sydro$ [K(base) Sydneys-MacBook-Pro:website1 sydro$ [K(base) Sydneys-MacBook-Pro:website1 sydro$ git add. [K[K .
]0;~/Desktop/website1(base) Sydneys-MacBook-Pro:website1 sydro$ git commit -m "some message"
[master 88ad9e8] some message
 Committer: Sydney Ortiz <sydro@216.dhcp.apogeetelecom.com>
Your name and email address were configured automatically based
on your username and hostname. Please check that they are accurate.
You can suppress this message by setting them explicitly:

    git config --global user.name "Your Name"
    git config --global user.email you@example.com

After doing this, you may fix the identity used for this commit with:

    git commit --amend --reset-author

 6 files changed, 38 insertions(+), 18 deletions(-)
]0;~/Desktop/website1(base) Sydneys-MacBook-Pro:website1 sydro$ git push my o[K[K[Kyoriti[K[K[Kigin master
Counting objects: 13, done.
Delta compression using up to 4 threads.
Compressing objects:   7% (1/13)   Compressing objects:  15% (2/13)   Compressing objects:  23% (3/13)   Compressing objects:  30% (4/13)   Compressing objects:  38% (5/13)   Compressing objects:  46% (6/13)   Compressing objects:  53% (7/13)   Compressing objects:  61% (8/13)   Compressing objects:  69% (9/13)   Compressing objects:  76% (10/13)   Compressing objects:  84% (11/13)   Compressing objects:  92% (12/13)   Compressing objects: 100% (13/13)   Compressing objects: 100% (13/13), done.
Writing objects:   7% (1/13)   Writing objects:  15% (2/13)   Writing objects:  23% (3/13)   Writing objects:  30% (4/13)   Writing objects:  38% (5/13)   Writing objects:  46% (6/13)   Writing objects:  53% (7/13)   Writing objects:  61% (8/13)   Writing objects:  69% (9/13)   Writing objects:  76% (10/13)   Writing objects:  84% (11/13)   Writing objects:  92% (12/13)   Writing objects: 100% (13/13)   Writing objects: 100% (13/13), 1.58 KiB | 1.58 MiB/s, done.
Total 13 (delta 7), reused 0 (delta 0)
remote: Resolving deltas:   0% (0/7)[Kremote: Resolving deltas:  14% (1/7)[Kremote: Resolving deltas:  28% (2/7)[Kremote: Resolving deltas:  42% (3/7)[Kremote: Resolving deltas:  57% (4/7)[Kremote: Resolving deltas:  71% (5/7)[Kremote: Resolving deltas:  85% (6/7)[Kremote: Resolving deltas: 100% (7/7)[Kremote: Resolving deltas: 100% (7/7), completed with 7 local objects.[K
To https://github.com/sro523/website1.git
   1cd8d52..88ad9e8  master -> master
]0;~/Desktop/website1(base) Sydneys-MacBook-Pro:website1 sydro$ git add .
]0;~/Desktop/website1(base) Sydneys-MacBook-Pro:website1 sydro$ c[Kgit commit -m"[K "some message"
[master bd3c592] some message
 Committer: Sydney Ortiz <sydro@216.dhcp.apogeetelecom.com>
Your name and email address were configured automatically based
on your username and hostname. Please check that they are accurate.
You can suppress this message by setting them explicitly:

    git config --global user.name "Your Name"
    git config --global user.email you@example.com

After doing this, you may fix the identity used for this commit with:

    git commit --amend --reset-author

 4 files changed, 34 insertions(+), 9 deletions(-)
]0;~/Desktop/website1(base) Sydneys-MacBook-Pro:website1 sydro$ git push myorigin master
Counting objects: 12, done.
Delta compression using up to 4 threads.
Compressing objects:   8% (1/12)   Compressing objects:  16% (2/12)   Compressing objects:  25% (3/12)   Compressing objects:  33% (4/12)   Compressing objects:  41% (5/12)   Compressing objects:  50% (6/12)   Compressing objects:  58% (7/12)   Compressing objects:  66% (8/12)   Compressing objects:  75% (9/12)   Compressing objects:  83% (10/12)   Compressing objects:  91% (11/12)   Compressing objects: 100% (12/12)   Compressing objects: 100% (12/12), done.
Writing objects:   8% (1/12)   Writing objects:  16% (2/12)   Writing objects:  25% (3/12)   Writing objects:  33% (4/12)   Writing objects:  41% (5/12)   Writing objects:  50% (6/12)   Writing objects:  58% (7/12)   Writing objects:  66% (8/12)   Writing objects:  75% (9/12)   Writing objects:  83% (10/12)   Writing objects:  91% (11/12)   Writing objects: 100% (12/12)   Writing objects: 100% (12/12), 1.44 KiB | 1.44 MiB/s, done.
Total 12 (delta 6), reused 0 (delta 0)
remote: Resolving deltas:   0% (0/6)[Kremote: Resolving deltas:  16% (1/6)[Kremote: Resolving deltas:  33% (2/6)[Kremote: Resolving deltas:  50% (3/6)[Kremote: Resolving deltas:  66% (4/6)[Kremote: Resolving deltas:  83% (5/6)[Kremote: Resolving deltas: 100% (6/6)[Kremote: Resolving deltas: 100% (6/6), completed with 6 local objects.[K
To https://github.com/sro523/website1.git
   88ad9e8..bd3c592  master -> master
]0;~/Desktop/website1(base) Sydneys-MacBook-Pro:website1 sydro$ [K(base) Sydneys-MacBook-Pro:website1 sydro$ a[Kgit add .
]0;~/Desktop/website1(base) Sydneys-MacBook-Pro:website1 sydro$ git commit -m "some message [K"
[master 5aade23] some message
 Committer: Sydney Ortiz <sydro@wireless-10-145-216-168.public.utexas.edu>
Your name and email address were configured automatically based
on your username and hostname. Please check that they are accurate.
You can suppress this message by setting them explicitly:

    git config --global user.name "Your Name"
    git config --global user.email you@example.com

After doing this, you may fix the identity used for this commit with:

    git commit --amend --reset-author

 8 files changed, 41 insertions(+), 16 deletions(-)
 rewrite .Rproj.user/64EB96B8/console06/INDEX001 (70%)
]0;~/Desktop/website1(base) Sydneys-MacBook-Pro:website1 sydro$ git push myorigin [K(base) Sydneys-MacBook-Pro:website1 sydro$ git push myorigin a[Kmaster
Counting objects: 16, done.
Delta compression using up to 4 threads.
Compressing objects:   6% (1/16)   Compressing objects:  12% (2/16)   Compressing objects:  18% (3/16)   Compressing objects:  25% (4/16)   Compressing objects:  31% (5/16)   Compressing objects:  37% (6/16)   Compressing objects:  43% (7/16)   Compressing objects:  50% (8/16)   Compressing objects:  56% (9/16)   Compressing objects:  62% (10/16)   Compressing objects:  68% (11/16)   Compressing objects:  75% (12/16)   Compressing objects:  81% (13/16)   Compressing objects:  87% (14/16)   Compressing objects:  93% (15/16)   Compressing objects: 100% (16/16)   Compressing objects: 100% (16/16), done.
Writing objects:   6% (1/16)   Writing objects:  12% (2/16)   Writing objects:  18% (3/16)   Writing objects:  25% (4/16)   Writing objects:  31% (5/16)   Writing objects:  37% (6/16)   Writing objects:  43% (7/16)   Writing objects:  50% (8/16)   Writing objects:  56% (9/16)   Writing objects:  62% (10/16)   Writing objects:  68% (11/16)   Writing objects:  75% (12/16)   Writing objects:  81% (13/16)   Writing objects:  87% (14/16)   Writing objects:  93% (15/16)   Writing objects: 100% (16/16)   Writing objects: 100% (16/16), 1.72 KiB | 32.00 KiB/s, done.
Total 16 (delta 9), reused 0 (delta 0)
remote: Resolving deltas:   0% (0/9)[Kremote: Resolving deltas:  11% (1/9)[Kremote: Resolving deltas:  22% (2/9)[Kremote: Resolving deltas:  33% (3/9)[Kremote: Resolving deltas:  44% (4/9)[Kremote: Resolving deltas:  55% (5/9)[Kremote: Resolving deltas:  66% (6/9)[Kremote: Resolving deltas:  77% (7/9)[Kremote: Resolving deltas:  88% (8/9)[Kremote: Resolving deltas: 100% (9/9)[Kremote: Resolving deltas: 100% (9/9), completed with 9 local objects.[K
To https://github.com/sro523/website1.git
   bd3c592..5aade23  master -> master
]0;~/Desktop/website1(base) Sydneys-MacBook-Pro:website1 sydro$ git add .
]0;~/Desktop/website1(base) Sydneys-MacBook-Pro:website1 sydro$ git commit - m [K[K[Km :s[K[K"some message"
[master 767b080] some message
 Committer: Sydney Ortiz <sydro@wireless-10-145-216-168.public.utexas.edu>
Your name and email address were configured automatically based
on your username and hostname. Please check that they are accurate.
You can suppress this message by setting them explicitly:

    git config --global user.name "Your Name"
    git config --global user.email you@example.com

After doing this, you may fix the identity used for this commit with:

    git commit --amend --reset-author

 5 files changed, 33 insertions(+), 7 deletions(-)
]0;~/Desktop/website1(base) Sydneys-MacBook-Pro:website1 sydro$ git puhs m[K[K[K[Ksh my origi[K[K[K[K[K[K[Kyoi[Krigin master
Counting objects: 15, done.
Delta compression using up to 4 threads.
Compressing objects:   6% (1/15)   Compressing objects:  13% (2/15)   Compressing objects:  20% (3/15)   Compressing objects:  26% (4/15)   Compressing objects:  33% (5/15)   Compressing objects:  40% (6/15)   Compressing objects:  46% (7/15)   Compressing objects:  53% (8/15)   Compressing objects:  60% (9/15)   Compressing objects:  66% (10/15)   Compressing objects:  73% (11/15)   Compressing objects:  80% (12/15)   Compressing objects:  86% (13/15)   Compressing objects:  93% (14/15)   Compressing objects: 100% (15/15)   Compressing objects: 100% (15/15), done.
Writing objects:   6% (1/15)   Writing objects:  13% (2/15)   Writing objects:  20% (3/15)   Writing objects:  26% (4/15)   Writing objects:  33% (5/15)   Writing objects:  40% (6/15)   Writing objects:  46% (7/15)   Writing objects:  53% (8/15)   Writing objects:  60% (9/15)   Writing objects:  66% (10/15)   Writing objects:  73% (11/15)   Writing objects:  80% (12/15)   Writing objects:  86% (13/15)   Writing objects:  93% (14/15)   Writing objects: 100% (15/15)   Writing objects: 100% (15/15), 1.71 KiB | 39.00 KiB/s, done.
Total 15 (delta 8), reused 0 (delta 0)
remote: Resolving deltas:   0% (0/8)[Kremote: Resolving deltas:  12% (1/8)[Kremote: Resolving deltas:  25% (2/8)[Kremote: Resolving deltas:  37% (3/8)[Kremote: Resolving deltas:  50% (4/8)[Kremote: Resolving deltas:  62% (5/8)[Kremote: Resolving deltas:  75% (6/8)[Kremote: Resolving deltas:  87% (7/8)[Kremote: Resolving deltas: 100% (8/8)[Kremote: Resolving deltas: 100% (8/8), completed with 8 local objects.[K
To https://github.com/sro523/website1.git
   5aade23..767b080  master -> master
]0;~/Desktop/website1(base) Sydneys-MacBook-Pro:website1 sydro$ [K(base) Sydneys-MacBook-Pro:website1 sydro$ [K(base) Sydneys-MacBook-Pro:website1 sydro$ [K(base) Sydneys-MacBook-Pro:website1 sydro$ [K(base) Sydneys-MacBook-Pro:website1 sydro$ git add .
]0;~/Desktop/website1(base) Sydneys-MacBook-Pro:website1 sydro$ git comi[Kmit -m :[K"some message"
[master e00c5e7] some message
 Committer: Sydney Ortiz <sydro@wireless-10-145-216-168.public.utexas.edu>
Your name and email address were configured automatically based
on your username and hostname. Please check that they are accurate.
You can suppress this message by setting them explicitly:

    git config --global user.name "Your Name"
    git config --global user.email you@example.com

After doing this, you may fix the identity used for this commit with:

    git commit --amend --reset-author

 4 files changed, 31 insertions(+), 6 deletions(-)
 rewrite .Rproj.user/64EB96B8/console06/INDEX001 (70%)
]0;~/Desktop/website1(base) Sydneys-MacBook-Pro:website1 sydro$ git push myorigin master
Counting objects: 12, done.
Delta compression using up to 4 threads.
Compressing objects:   8% (1/12)   Compressing objects:  16% (2/12)   Compressing objects:  25% (3/12)   Compressing objects:  33% (4/12)   Compressing objects:  41% (5/12)   Compressing objects:  50% (6/12)   Compressing objects:  58% (7/12)   Compressing objects:  66% (8/12)   Compressing objects:  75% (9/12)   Compressing objects:  83% (10/12)   Compressing objects:  91% (11/12)   Compressing objects: 100% (12/12)   Compressing objects: 100% (12/12), done.
Writing objects:   8% (1/12)   Writing objects:  16% (2/12)   Writing objects:  25% (3/12)   Writing objects:  33% (4/12)   Writing objects:  41% (5/12)   Writing objects:  50% (6/12)   Writing objects:  58% (7/12)   Writing objects:  66% (8/12)   Writing objects:  75% (9/12)   Writing objects:  83% (10/12)   Writing objects:  91% (11/12)   Writing objects: 100% (12/12)   Writing objects: 100% (12/12), 1.44 KiB | 1.44 MiB/s, done.
Total 12 (delta 6), reused 0 (delta 0)
remote: Resolving deltas:   0% (0/6)[Kremote: Resolving deltas:  16% (1/6)[Kremote: Resolving deltas:  33% (2/6)[Kremote: Resolving deltas:  50% (3/6)[Kremote: Resolving deltas:  66% (4/6)[Kremote: Resolving deltas:  83% (5/6)[Kremote: Resolving deltas: 100% (6/6)[Kremote: Resolving deltas: 100% (6/6), completed with 6 local objects.[K
To https://github.com/sro523/website1.git
   767b080..e00c5e7  master -> master
]0;~/Desktop/website1(base) Sydneys-MacBook-Pro:website1 sydro$ [K(base) Sydneys-MacBook-Pro:website1 sydro$ [K(base) Sydneys-MacBook-Pro:website1 sydro$ [K(base) Sydneys-MacBook-Pro:website1 sydro$ git add . 
]0;~/Desktop/website1(base) Sydneys-MacBook-Pro:website1 sydro$ git commit -m "some message"
[master d513932] some message
 Committer: Sydney Ortiz <sydro@wireless-10-145-216-168.public.utexas.edu>
Your name and email address were configured automatically based
on your username and hostname. Please check that they are accurate.
You can suppress this message by setting them explicitly:

    git config --global user.name "Your Name"
    git config --global user.email you@example.com

After doing this, you may fix the identity used for this commit with:

    git commit --amend --reset-author

 5 files changed, 34 insertions(+), 8 deletions(-)
 rewrite .Rproj.user/64EB96B8/console06/INDEX001 (70%)
]0;~/Desktop/website1(base) Sydneys-MacBook-Pro:website1 sydro$ git push myoriign [K[K[K[K[Kigin master
Counting objects: 13, done.
Delta compression using up to 4 threads.
Compressing objects:   7% (1/13)   Compressing objects:  15% (2/13)   Compressing objects:  23% (3/13)   Compressing objects:  30% (4/13)   Compressing objects:  38% (5/13)   Compressing objects:  46% (6/13)   Compressing objects:  53% (7/13)   Compressing objects:  61% (8/13)   Compressing objects:  69% (9/13)   Compressing objects:  76% (10/13)   Compressing objects:  84% (11/13)   Compressing objects:  92% (12/13)   Compressing objects: 100% (13/13)   Compressing objects: 100% (13/13), done.
Writing objects:   7% (1/13)   Writing objects:  15% (2/13)   Writing objects:  23% (3/13)   Writing objects:  30% (4/13)   Writing objects:  38% (5/13)   Writing objects:  46% (6/13)   Writing objects:  53% (7/13)   Writing objects:  61% (8/13)   Writing objects:  69% (9/13)   Writing objects:  76% (10/13)   Writing objects:  84% (11/13)   Writing objects:  92% (12/13)   Writing objects: 100% (13/13)   Writing objects: 100% (13/13), 1.15 KiB | 1.15 MiB/s, done.
Total 13 (delta 7), reused 0 (delta 0)
remote: Resolving deltas:   0% (0/7)[Kremote: Resolving deltas:  14% (1/7)[Kremote: Resolving deltas:  28% (2/7)[Kremote: Resolving deltas:  42% (3/7)[Kremote: Resolving deltas:  57% (4/7)[Kremote: Resolving deltas:  71% (5/7)[Kremote: Resolving deltas:  85% (6/7)[Kremote: Resolving deltas: 100% (7/7)[Kremote: Resolving deltas: 100% (7/7), completed with 7 local objects.[K
To https://github.com/sro523/website1.git
   e00c5e7..d513932  master -> master
]0;~/Desktop/website1(base) Sydneys-MacBook-Pro:website1 sydro$ [K(base) Sydneys-MacBook-Pro:website1 sydro$ git add .
]0;~/Desktop/website1(base) Sydneys-MacBook-Pro:website1 sydro$ git commit -m "some message"
[master 8c2a4af] some message
 Committer: Sydney Ortiz <sydro@wireless-10-145-216-168.public.utexas.edu>
Your name and email address were configured automatically based
on your username and hostname. Please check that they are accurate.
You can suppress this message by setting them explicitly:

    git config --global user.name "Your Name"
    git config --global user.email you@example.com

After doing this, you may fix the identity used for this commit with:

    git commit --amend --reset-author

 2 files changed, 27 insertions(+), 1 deletion(-)
 rewrite .Rproj.user/64EB96B8/console06/INDEX001 (70%)
]0;~/Desktop/website1(base) Sydneys-MacBook-Pro:website1 sydro$ git push myorigin master
Counting objects: 7, done.
Delta compression using up to 4 threads.
Compressing objects:  14% (1/7)   Compressing objects:  28% (2/7)   Compressing objects:  42% (3/7)   Compressing objects:  57% (4/7)   Compressing objects:  71% (5/7)   Compressing objects:  85% (6/7)   Compressing objects: 100% (7/7)   Compressing objects: 100% (7/7), done.
Writing objects:  14% (1/7)   Writing objects:  28% (2/7)   Writing objects:  42% (3/7)   Writing objects:  57% (4/7)   Writing objects:  71% (5/7)   Writing objects:  85% (6/7)   Writing objects: 100% (7/7)   Writing objects: 100% (7/7), 739 bytes | 739.00 KiB/s, done.
Total 7 (delta 3), reused 0 (delta 0)
remote: Resolving deltas:   0% (0/3)[Kremote: Resolving deltas:  33% (1/3)[Kremote: Resolving deltas:  66% (2/3)[Kremote: Resolving deltas: 100% (3/3)[Kremote: Resolving deltas: 100% (3/3), completed with 3 local objects.[K
To https://github.com/sro523/website1.git
   d513932..8c2a4af  master -> master
]0;~/Desktop/website1(base) Sydneys-MacBook-Pro:website1 sydro$ git add .
]0;~/Desktop/website1(base) Sydneys-MacBook-Pro:website1 sydro$ git commit -m "some message"
[master 3362ff8] some message
 Committer: Sydney Ortiz <sydro@wireless-10-145-216-168.public.utexas.edu>
Your name and email address were configured automatically based
on your username and hostname. Please check that they are accurate.
You can suppress this message by setting them explicitly:

    git config --global user.name "Your Name"
    git config --global user.email you@example.com

After doing this, you may fix the identity used for this commit with:

    git commit --amend --reset-author

 4 files changed, 36 insertions(+), 10 deletions(-)
]0;~/Desktop/website1(base) Sydneys-MacBook-Pro:website1 sydro$ git m[Kpush myorigin master
Counting objects: 12, done.
Delta compression using up to 4 threads.
Compressing objects:   8% (1/12)   Compressing objects:  16% (2/12)   Compressing objects:  25% (3/12)   Compressing objects:  33% (4/12)   Compressing objects:  41% (5/12)   Compressing objects:  50% (6/12)   Compressing objects:  58% (7/12)   Compressing objects:  66% (8/12)   Compressing objects:  75% (9/12)   Compressing objects:  83% (10/12)   Compressing objects:  91% (11/12)   Compressing objects: 100% (12/12)   Compressing objects: 100% (12/12), done.
Writing objects:   8% (1/12)   Writing objects:  16% (2/12)   Writing objects:  25% (3/12)   Writing objects:  33% (4/12)   Writing objects:  41% (5/12)   Writing objects:  50% (6/12)   Writing objects:  58% (7/12)   Writing objects:  66% (8/12)   Writing objects:  75% (9/12)   Writing objects:  83% (10/12)   Writing objects:  91% (11/12)   Writing objects: 100% (12/12)   Writing objects: 100% (12/12), 1.34 KiB | 1.34 MiB/s, done.
Total 12 (delta 6), reused 0 (delta 0)
remote: Resolving deltas:   0% (0/6)[Kremote: Resolving deltas:  16% (1/6)[Kremote: Resolving deltas:  33% (2/6)[Kremote: Resolving deltas:  50% (3/6)[Kremote: Resolving deltas:  66% (4/6)[Kremote: Resolving deltas:  83% (5/6)[Kremote: Resolving deltas: 100% (6/6)[Kremote: Resolving deltas: 100% (6/6), completed with 6 local objects.[K
To https://github.com/sro523/website1.git
   8c2a4af..3362ff8  master -> master
]0;~/Desktop/website1(base) Sydneys-MacBook-Pro:website1 sydro$ [K(base) Sydneys-MacBook-Pro:website1 sydro$ git add . 
]0;~/Desktop/website1(base) Sydneys-MacBook-Pro:website1 sydro$ git commit -m "som e message" 
[master 582eb3b] some message
 Committer: Sydney Ortiz <sydro@wireless-10-145-216-168.public.utexas.edu>
Your name and email address were configured automatically based
on your username and hostname. Please check that they are accurate.
You can suppress this message by setting them explicitly:

    git config --global user.name "Your Name"
    git config --global user.email you@example.com

After doing this, you may fix the identity used for this commit with:

    git commit --amend --reset-author

 3 files changed, 28 insertions(+), 3 deletions(-)
]0;~/Desktop/website1(base) Sydneys-MacBook-Pro:website1 sydro$ gist [K[K[Kt push o[Kmyorigin  master
Counting objects: 10, done.
Delta compression using up to 4 threads.
Compressing objects:  10% (1/10)   Compressing objects:  20% (2/10)   Compressing objects:  30% (3/10)   Compressing objects:  40% (4/10)   Compressing objects:  50% (5/10)   Compressing objects:  60% (6/10)   Compressing objects:  70% (7/10)   Compressing objects:  80% (8/10)   Compressing objects:  90% (9/10)   Compressing objects: 100% (10/10)   Compressing objects: 100% (10/10), done.
Writing objects:  10% (1/10)   Writing objects:  20% (2/10)   Writing objects:  30% (3/10)   Writing objects:  40% (4/10)   Writing objects:  50% (5/10)   Writing objects:  60% (6/10)   Writing objects:  70% (7/10)   Writing objects:  80% (8/10)   Writing objects:  90% (9/10)   Writing objects: 100% (10/10)   Writing objects: 100% (10/10), 923 bytes | 923.00 KiB/s, done.
Total 10 (delta 5), reused 0 (delta 0)
remote: Resolving deltas:   0% (0/5)[Kremote: Resolving deltas:  20% (1/5)[Kremote: Resolving deltas:  40% (2/5)[Kremote: Resolving deltas:  60% (3/5)[Kremote: Resolving deltas:  80% (4/5)[Kremote: Resolving deltas: 100% (5/5)[Kremote: Resolving deltas: 100% (5/5), completed with 5 local objects.[K
To https://github.com/sro523/website1.git
   3362ff8..582eb3b  master -> master
]0;~/Desktop/website1(base) Sydneys-MacBook-Pro:website1 sydro$ ti[K[Kgit add.[K . 